Analysis & Synthesis report for sdram
Wed Aug 12 19:00:40 2026
Quartus Prime Version 20.1.1 Build 720 11/11/2020 SJ Lite Edition


---------------------
; Table of Contents ;
---------------------
  1. Legal Notice
  2. Analysis & Synthesis Summary
  3. Analysis & Synthesis Settings
  4. Parallel Compilation
  5. Analysis & Synthesis Source Files Read
  6. Analysis & Synthesis Resource Usage Summary
  7. Analysis & Synthesis Resource Utilization by Entity
  8. Analysis & Synthesis RAM Summary
  9. State Machine - |top|sdram_controller:sdram_inst|state
 10. State Machine - |top|user_interface:ui_inst|state
 11. User-Specified and Inferred Latches
 12. Registers Removed During Synthesis
 13. General Register Statistics
 14. Inverted Register Statistics
 15. Registers Added for RAM Pass-Through Logic
 16. Multiplexer Restructuring Statistics (Restructuring Performed)
 17. Source assignments for cmd_fifo:fifo_inst|altsyncram:FIFO_rtl_0|altsyncram_u8n1:auto_generated
 18. Parameter Settings for User Entity Instance: cmd_fifo:fifo_inst
 19. Parameter Settings for User Entity Instance: user_interface:ui_inst
 20. Parameter Settings for User Entity Instance: sdram_controller:sdram_inst
 21. Parameter Settings for Inferred Entity Instance: cmd_fifo:fifo_inst|altsyncram:FIFO_rtl_0
 22. altsyncram Parameter Settings by Entity Instance
 23. Port Connectivity Checks: "cmd_fifo:fifo_inst"
 24. Post-Synthesis Netlist Statistics for Top Partition
 25. Elapsed Time Per Partition
 26. Analysis & Synthesis Messages



----------------
; Legal Notice ;
----------------
Copyright (C) 2020  Intel Corporation. All rights reserved.
Your use of Intel Corporation's design tools, logic functions 
and other software and tools, and any partner logic 
functions, and any output files from any of the foregoing 
(including device programming or simulation files), and any 
associated documentation or information are expressly subject 
to the terms and conditions of the Intel Program License 
Subscription Agreement, the Intel Quartus Prime License Agreement,
the Intel FPGA IP License Agreement, or other applicable license
agreement, including, without limitation, that your use is for
the sole purpose of programming logic devices manufactured by
Intel and sold by Intel or its authorized distributors.  Please
refer to the applicable agreement for further details, at
https://fpgasoftware.intel.com/eula.



+-------------------------------------------------------------------------------+
; Analysis & Synthesis Summary                                                  ;
+---------------------------------+---------------------------------------------+
; Analysis & Synthesis Status     ; Successful - Wed Aug 12 19:00:39 2026       ;
; Quartus Prime Version           ; 20.1.1 Build 720 11/11/2020 SJ Lite Edition ;
; Revision Name                   ; sdram                                       ;
; Top-level Entity Name           ; top                                         ;
; Family                          ; Cyclone V                                   ;
; Logic utilization (in ALMs)     ; N/A                                         ;
; Total registers                 ; 196                                         ;
; Total pins                      ; 72                                          ;
; Total virtual pins              ; 0                                           ;
; Total block memory bits         ; 4,096                                       ;
; Total DSP Blocks                ; 0                                           ;
; Total HSSI RX PCSs              ; 0                                           ;
; Total HSSI PMA RX Deserializers ; 0                                           ;
; Total HSSI TX PCSs              ; 0                                           ;
; Total HSSI PMA TX Serializers   ; 0                                           ;
; Total PLLs                      ; 0                                           ;
; Total DLLs                      ; 0                                           ;
+---------------------------------+---------------------------------------------+


+---------------------------------------------------------------------------------------------------------------------------+
; Analysis & Synthesis Settings                                                                                             ;
+---------------------------------------------------------------------------------+--------------------+--------------------+
; Option                                                                          ; Setting            ; Default Value      ;
+---------------------------------------------------------------------------------+--------------------+--------------------+
; Device                                                                          ; 5CGXFC7C7F23C8     ;                    ;
; Top-level entity name                                                           ; top                ; sdram              ;
; Family name                                                                     ; Cyclone V          ; Cyclone V          ;
; Use smart compilation                                                           ; Off                ; Off                ;
; Enable parallel Assembler and Timing Analyzer during compilation                ; On                 ; On                 ;
; Enable compact report table                                                     ; Off                ; Off                ;
; Restructure Multiplexers                                                        ; Auto               ; Auto               ;
; MLAB Add Timing Constraints For Mixed-Port Feed-Through Mode Setting Don't Care ; Off                ; Off                ;
; Create Debugging Nodes for IP Cores                                             ; Off                ; Off                ;
; Preserve fewer node names                                                       ; On                 ; On                 ;
; Intel FPGA IP Evaluation Mode                                                   ; Enable             ; Enable             ;
; Verilog Version                                                                 ; Verilog_2001       ; Verilog_2001       ;
; VHDL Version                                                                    ; VHDL_1993          ; VHDL_1993          ;
; State Machine Processing                                                        ; Auto               ; Auto               ;
; Safe State Machine                                                              ; Off                ; Off                ;
; Extract Verilog State Machines                                                  ; On                 ; On                 ;
; Extract VHDL State Machines                                                     ; On                 ; On                 ;
; Ignore Verilog initial constructs                                               ; Off                ; Off                ;
; Iteration limit for constant Verilog loops                                      ; 5000               ; 5000               ;
; Iteration limit for non-constant Verilog loops                                  ; 250                ; 250                ;
; Add Pass-Through Logic to Inferred RAMs                                         ; On                 ; On                 ;
; Infer RAMs from Raw Logic                                                       ; On                 ; On                 ;
; Parallel Synthesis                                                              ; On                 ; On                 ;
; DSP Block Balancing                                                             ; Auto               ; Auto               ;
; NOT Gate Push-Back                                                              ; On                 ; On                 ;
; Power-Up Don't Care                                                             ; On                 ; On                 ;
; Remove Redundant Logic Cells                                                    ; Off                ; Off                ;
; Remove Duplicate Registers                                                      ; On                 ; On                 ;
; Ignore CARRY Buffers                                                            ; Off                ; Off                ;
; Ignore CASCADE Buffers                                                          ; Off                ; Off                ;
; Ignore GLOBAL Buffers                                                           ; Off                ; Off                ;
; Ignore ROW GLOBAL Buffers                                                       ; Off                ; Off                ;
; Ignore LCELL Buffers                                                            ; Off                ; Off                ;
; Ignore SOFT Buffers                                                             ; On                 ; On                 ;
; Limit AHDL Integers to 32 Bits                                                  ; Off                ; Off                ;
; Optimization Technique                                                          ; Balanced           ; Balanced           ;
; Carry Chain Length                                                              ; 70                 ; 70                 ;
; Auto Carry Chains                                                               ; On                 ; On                 ;
; Auto Open-Drain Pins                                                            ; On                 ; On                 ;
; Perform WYSIWYG Primitive Resynthesis                                           ; Off                ; Off                ;
; Auto ROM Replacement                                                            ; On                 ; On                 ;
; Auto RAM Replacement                                                            ; On                 ; On                 ;
; Auto DSP Block Replacement                                                      ; On                 ; On                 ;
; Auto Shift Register Replacement                                                 ; Auto               ; Auto               ;
; Allow Shift Register Merging across Hierarchies                                 ; Auto               ; Auto               ;
; Auto Clock Enable Replacement                                                   ; On                 ; On                 ;
; Strict RAM Replacement                                                          ; Off                ; Off                ;
; Allow Synchronous Control Signals                                               ; On                 ; On                 ;
; Force Use of Synchronous Clear Signals                                          ; Off                ; Off                ;
; Auto Resource Sharing                                                           ; Off                ; Off                ;
; Allow Any RAM Size For Recognition                                              ; Off                ; Off                ;
; Allow Any ROM Size For Recognition                                              ; Off                ; Off                ;
; Allow Any Shift Register Size For Recognition                                   ; Off                ; Off                ;
; Use LogicLock Constraints during Resource Balancing                             ; On                 ; On                 ;
; Ignore translate_off and synthesis_off directives                               ; Off                ; Off                ;
; Timing-Driven Synthesis                                                         ; On                 ; On                 ;
; Report Parameter Settings                                                       ; On                 ; On                 ;
; Report Source Assignments                                                       ; On                 ; On                 ;
; Report Connectivity Checks                                                      ; On                 ; On                 ;
; Ignore Maximum Fan-Out Assignments                                              ; Off                ; Off                ;
; Synchronization Register Chain Length                                           ; 3                  ; 3                  ;
; Power Optimization During Synthesis                                             ; Normal compilation ; Normal compilation ;
; HDL message level                                                               ; Level2             ; Level2             ;
; Suppress Register Optimization Related Messages                                 ; Off                ; Off                ;
; Number of Removed Registers Reported in Synthesis Report                        ; 5000               ; 5000               ;
; Number of Swept Nodes Reported in Synthesis Report                              ; 5000               ; 5000               ;
; Number of Inverted Registers Reported in Synthesis Report                       ; 100                ; 100                ;
; Clock MUX Protection                                                            ; On                 ; On                 ;
; Auto Gated Clock Conversion                                                     ; Off                ; Off                ;
; Block Design Naming                                                             ; Auto               ; Auto               ;
; SDC constraint protection                                                       ; Off                ; Off                ;
; Synthesis Effort                                                                ; Auto               ; Auto               ;
; Shift Register Replacement - Allow Asynchronous Clear Signal                    ; On                 ; On                 ;
; Pre-Mapping Resynthesis Optimization                                            ; Off                ; Off                ;
; Analysis & Synthesis Message Level                                              ; Medium             ; Medium             ;
; Disable Register Merging Across Hierarchies                                     ; Auto               ; Auto               ;
; Resource Aware Inference For Block RAM                                          ; On                 ; On                 ;
; Automatic Parallel Synthesis                                                    ; On                 ; On                 ;
; Partial Reconfiguration Bitstream ID                                            ; Off                ; Off                ;
+---------------------------------------------------------------------------------+--------------------+--------------------+


+------------------------------------------+
; Parallel Compilation                     ;
+----------------------------+-------------+
; Processors                 ; Number      ;
+----------------------------+-------------+
; Number detected on machine ; 12          ;
; Maximum allowed            ; 8           ;
;                            ;             ;
; Average used               ; 1.00        ;
; Maximum used               ; 8           ;
;                            ;             ;
; Usage by Processor         ; % Time Used ;
;     Processor 1            ; 100.0%      ;
;     Processor 2            ;   0.0%      ;
;     Processors 3-8         ;   0.0%      ;
+----------------------------+-------------+


+---------------------------------------------------------------------------------------------------------------------------------------------------------------------------------------------------------+
; Analysis & Synthesis Source Files Read                                                                                                                                                                  ;
+-----------------------------------------+-----------------+-------------------------------------------------------+---------------------------------------------------------------------------+---------+
; File Name with User-Entered Path        ; Used in Netlist ; File Type                                             ; File Name with Absolute Path                                              ; Library ;
+-----------------------------------------+-----------------+-------------------------------------------------------+---------------------------------------------------------------------------+---------+
; top.vhd                                 ; yes             ; User VHDL File                                        ; D:/prjct quartus/sdram_controller/top.vhd                                 ;         ;
; sdram_controller.vhd                    ; yes             ; User VHDL File                                        ; D:/prjct quartus/sdram_controller/sdram_controller.vhd                    ;         ;
; cmd_fifo.vhd                            ; yes             ; User VHDL File                                        ; D:/prjct quartus/sdram_controller/cmd_fifo.vhd                            ;         ;
; user_interface.vhd                      ; yes             ; User VHDL File                                        ; D:/prjct quartus/sdram_controller/user_interface.vhd                      ;         ;
; altsyncram.tdf                          ; yes             ; Megafunction                                          ; d:/quartus/quartus/libraries/megafunctions/altsyncram.tdf                 ;         ;
; stratix_ram_block.inc                   ; yes             ; Megafunction                                          ; d:/quartus/quartus/libraries/megafunctions/stratix_ram_block.inc          ;         ;
; lpm_mux.inc                             ; yes             ; Megafunction                                          ; d:/quartus/quartus/libraries/megafunctions/lpm_mux.inc                    ;         ;
; lpm_decode.inc                          ; yes             ; Megafunction                                          ; d:/quartus/quartus/libraries/megafunctions/lpm_decode.inc                 ;         ;
; aglobal201.inc                          ; yes             ; Megafunction                                          ; d:/quartus/quartus/libraries/megafunctions/aglobal201.inc                 ;         ;
; a_rdenreg.inc                           ; yes             ; Megafunction                                          ; d:/quartus/quartus/libraries/megafunctions/a_rdenreg.inc                  ;         ;
; altrom.inc                              ; yes             ; Megafunction                                          ; d:/quartus/quartus/libraries/megafunctions/altrom.inc                     ;         ;
; altram.inc                              ; yes             ; Megafunction                                          ; d:/quartus/quartus/libraries/megafunctions/altram.inc                     ;         ;
; altdpram.inc                            ; yes             ; Megafunction                                          ; d:/quartus/quartus/libraries/megafunctions/altdpram.inc                   ;         ;
; db/altsyncram_u8n1.tdf                  ; yes             ; Auto-Generated Megafunction                           ; D:/prjct quartus/sdram_controller/db/altsyncram_u8n1.tdf                  ;         ;
; db/sdram.ram0_cmd_fifo_693e84bf.hdl.mif ; yes             ; Auto-Generated Auto-Found Memory Initialization File  ; D:/prjct quartus/sdram_controller/db/sdram.ram0_cmd_fifo_693e84bf.hdl.mif ;         ;
+-----------------------------------------+-----------------+-------------------------------------------------------+---------------------------------------------------------------------------+---------+


+---------------------------------------------------------+
; Analysis & Synthesis Resource Usage Summary             ;
+---------------------------------------------+-----------+
; Resource                                    ; Usage     ;
+---------------------------------------------+-----------+
; Estimate of Logic utilization (ALMs needed) ; 202       ;
;                                             ;           ;
; Combinational ALUT usage for logic          ; 315       ;
;     -- 7 input functions                    ; 0         ;
;     -- 6 input functions                    ; 73        ;
;     -- 5 input functions                    ; 46        ;
;     -- 4 input functions                    ; 49        ;
;     -- <=3 input functions                  ; 147       ;
;                                             ;           ;
; Dedicated logic registers                   ; 196       ;
;                                             ;           ;
; I/O pins                                    ; 72        ;
; Total MLAB memory bits                      ; 0         ;
; Total block memory bits                     ; 4096      ;
;                                             ;           ;
; Total DSP Blocks                            ; 0         ;
;                                             ;           ;
; Maximum fan-out node                        ; clk~input ;
; Maximum fan-out                             ; 201       ;
; Total fan-out                               ; 2132      ;
; Average fan-out                             ; 3.09      ;
+---------------------------------------------+-----------+


+---------------------------------------------------------------------------------------------------------------------------------------------------------------------------------------------------------------------------------------------------------------------+
; Analysis & Synthesis Resource Utilization by Entity                                                                                                                                                                                                                 ;
+-------------------------------------------+---------------------+---------------------------+-------------------+------------+------+--------------+------------------------------------------------------------------------------+------------------+--------------+
; Compilation Hierarchy Node                ; Combinational ALUTs ; Dedicated Logic Registers ; Block Memory Bits ; DSP Blocks ; Pins ; Virtual Pins ; Full Hierarchy Name                                                          ; Entity Name      ; Library Name ;
+-------------------------------------------+---------------------+---------------------------+-------------------+------------+------+--------------+------------------------------------------------------------------------------+------------------+--------------+
; |top                                      ; 315 (1)             ; 196 (0)                   ; 4096              ; 0          ; 72   ; 0            ; |top                                                                         ; top              ; work         ;
;    |cmd_fifo:fifo_inst|                   ; 64 (64)             ; 59 (59)                   ; 4096              ; 0          ; 0    ; 0            ; |top|cmd_fifo:fifo_inst                                                      ; cmd_fifo         ; work         ;
;       |altsyncram:FIFO_rtl_0|             ; 0 (0)               ; 0 (0)                     ; 4096              ; 0          ; 0    ; 0            ; |top|cmd_fifo:fifo_inst|altsyncram:FIFO_rtl_0                                ; altsyncram       ; work         ;
;          |altsyncram_u8n1:auto_generated| ; 0 (0)               ; 0 (0)                     ; 4096              ; 0          ; 0    ; 0            ; |top|cmd_fifo:fifo_inst|altsyncram:FIFO_rtl_0|altsyncram_u8n1:auto_generated ; altsyncram_u8n1  ; work         ;
;    |sdram_controller:sdram_inst|          ; 198 (198)           ; 106 (106)                 ; 0                 ; 0          ; 0    ; 0            ; |top|sdram_controller:sdram_inst                                             ; sdram_controller ; work         ;
;    |user_interface:ui_inst|               ; 52 (52)             ; 31 (31)                   ; 0                 ; 0          ; 0    ; 0            ; |top|user_interface:ui_inst                                                  ; user_interface   ; work         ;
+-------------------------------------------+---------------------+---------------------------+-------------------+------------+------+--------------+------------------------------------------------------------------------------+------------------+--------------+
Note: For table entries with two numbers listed, the numbers in parentheses indicate the number of resources of the given type used by the specific entity alone. The numbers listed outside of parentheses indicate the total resources of the given type used by the specific entity and all of its sub-entities in the hierarchy.


+---------------------------------------------------------------------------------------------------------------------------------------------------------------------------------------------------------------------------+
; Analysis & Synthesis RAM Summary                                                                                                                                                                                          ;
+------------------------------------------------------------------------------------+------+------------------+--------------+--------------+--------------+--------------+------+-----------------------------------------+
; Name                                                                               ; Type ; Mode             ; Port A Depth ; Port A Width ; Port B Depth ; Port B Width ; Size ; MIF                                     ;
+------------------------------------------------------------------------------------+------+------------------+--------------+--------------+--------------+--------------+------+-----------------------------------------+
; cmd_fifo:fifo_inst|altsyncram:FIFO_rtl_0|altsyncram_u8n1:auto_generated|ALTSYNCRAM ; AUTO ; Simple Dual Port ; 1024         ; 4            ; 1024         ; 4            ; 4096 ; db/sdram.ram0_cmd_fifo_693e84bf.hdl.mif ;
+------------------------------------------------------------------------------------+------+------------------+--------------+--------------+--------------+--------------+------+-----------------------------------------+


Encoding Type:  One-Hot
+-------------------------------------------------------------------------------------------------------------------------------------------------------------------------------------------------------------------------------------------------------------------------------------------------------------------------------------------------------------------------------------------------------------------------------------------------------------------------------------------------------------------------------------+
; State Machine - |top|sdram_controller:sdram_inst|state                                                                                                                                                                                                                                                                                                                                                                                                                                                                              ;
+--------------------------------+-------------------------+-------------------------+--------------------------+-------------------------+------------------------+----------------------+------------------------------+--------------------------------+----------------------+-----------------------+----------------------+------------------+----------------------+---------------------+---------------------+--------------------+------------+------------------------------+-----------------------------+----------------+
; Name                           ; state.SELF_REFRESH_EXIT ; state.SELF_REFRESH_WAIT ; state.SELF_REFRESH_ENTRY ; state.AUTO_REFRESH_WAIT ; state.AUTO_REFRESH_CMD ; state.PRECHARGE_WAIT ; state.PRECHARGE_ALL_BANK_CMD ; state.PRECHARGE_ALL_BANK_power ; state.BANK_PRECHARGE ; state.WRITE_PRECHARGE ; state.READ_PRECHARGE ; state.WRITE_BANK ; state.READ_BANK_WAIT ; state.READ_BANK_CMD ; state.ACTIVATE_WAIT ; state.ACTIVATE_CMD ; state.IDLE ; state.MODE_REGISTER_SET_WAIT ; state.MODE_REGISTER_SET_CMD ; state.POWER_ON ;
+--------------------------------+-------------------------+-------------------------+--------------------------+-------------------------+------------------------+----------------------+------------------------------+--------------------------------+----------------------+-----------------------+----------------------+------------------+----------------------+---------------------+---------------------+--------------------+------------+------------------------------+-----------------------------+----------------+
; state.POWER_ON                 ; 0                       ; 0                       ; 0                        ; 0                       ; 0                      ; 0                    ; 0                            ; 0                              ; 0                    ; 0                     ; 0                    ; 0                ; 0                    ; 0                   ; 0                   ; 0                  ; 0          ; 0                            ; 0                           ; 0              ;
; state.MODE_REGISTER_SET_CMD    ; 0                       ; 0                       ; 0                        ; 0                       ; 0                      ; 0                    ; 0                            ; 0                              ; 0                    ; 0                     ; 0                    ; 0                ; 0                    ; 0                   ; 0                   ; 0                  ; 0          ; 0                            ; 1                           ; 1              ;
; state.MODE_REGISTER_SET_WAIT   ; 0                       ; 0                       ; 0                        ; 0                       ; 0                      ; 0                    ; 0                            ; 0                              ; 0                    ; 0                     ; 0                    ; 0                ; 0                    ; 0                   ; 0                   ; 0                  ; 0          ; 1                            ; 0                           ; 1              ;
; state.IDLE                     ; 0                       ; 0                       ; 0                        ; 0                       ; 0                      ; 0                    ; 0                            ; 0                              ; 0                    ; 0                     ; 0                    ; 0                ; 0                    ; 0                   ; 0                   ; 0                  ; 1          ; 0                            ; 0                           ; 1              ;
; state.ACTIVATE_CMD             ; 0                       ; 0                       ; 0                        ; 0                       ; 0                      ; 0                    ; 0                            ; 0                              ; 0                    ; 0                     ; 0                    ; 0                ; 0                    ; 0                   ; 0                   ; 1                  ; 0          ; 0                            ; 0                           ; 1              ;
; state.ACTIVATE_WAIT            ; 0                       ; 0                       ; 0                        ; 0                       ; 0                      ; 0                    ; 0                            ; 0                              ; 0                    ; 0                     ; 0                    ; 0                ; 0                    ; 0                   ; 1                   ; 0                  ; 0          ; 0                            ; 0                           ; 1              ;
; state.READ_BANK_CMD            ; 0                       ; 0                       ; 0                        ; 0                       ; 0                      ; 0                    ; 0                            ; 0                              ; 0                    ; 0                     ; 0                    ; 0                ; 0                    ; 1                   ; 0                   ; 0                  ; 0          ; 0                            ; 0                           ; 1              ;
; state.READ_BANK_WAIT           ; 0                       ; 0                       ; 0                        ; 0                       ; 0                      ; 0                    ; 0                            ; 0                              ; 0                    ; 0                     ; 0                    ; 0                ; 1                    ; 0                   ; 0                   ; 0                  ; 0          ; 0                            ; 0                           ; 1              ;
; state.WRITE_BANK               ; 0                       ; 0                       ; 0                        ; 0                       ; 0                      ; 0                    ; 0                            ; 0                              ; 0                    ; 0                     ; 0                    ; 1                ; 0                    ; 0                   ; 0                   ; 0                  ; 0          ; 0                            ; 0                           ; 1              ;
; state.READ_PRECHARGE           ; 0                       ; 0                       ; 0                        ; 0                       ; 0                      ; 0                    ; 0                            ; 0                              ; 0                    ; 0                     ; 1                    ; 0                ; 0                    ; 0                   ; 0                   ; 0                  ; 0          ; 0                            ; 0                           ; 1              ;
; state.WRITE_PRECHARGE          ; 0                       ; 0                       ; 0                        ; 0                       ; 0                      ; 0                    ; 0                            ; 0                              ; 0                    ; 1                     ; 0                    ; 0                ; 0                    ; 0                   ; 0                   ; 0                  ; 0          ; 0                            ; 0                           ; 1              ;
; state.BANK_PRECHARGE           ; 0                       ; 0                       ; 0                        ; 0                       ; 0                      ; 0                    ; 0                            ; 0                              ; 1                    ; 0                     ; 0                    ; 0                ; 0                    ; 0                   ; 0                   ; 0                  ; 0          ; 0                            ; 0                           ; 1              ;
; state.PRECHARGE_ALL_BANK_power ; 0                       ; 0                       ; 0                        ; 0                       ; 0                      ; 0                    ; 0                            ; 1                              ; 0                    ; 0                     ; 0                    ; 0                ; 0                    ; 0                   ; 0                   ; 0                  ; 0          ; 0                            ; 0                           ; 1              ;
; state.PRECHARGE_ALL_BANK_CMD   ; 0                       ; 0                       ; 0                        ; 0                       ; 0                      ; 0                    ; 1                            ; 0                              ; 0                    ; 0                     ; 0                    ; 0                ; 0                    ; 0                   ; 0                   ; 0                  ; 0          ; 0                            ; 0                           ; 1              ;
; state.PRECHARGE_WAIT           ; 0                       ; 0                       ; 0                        ; 0                       ; 0                      ; 1                    ; 0                            ; 0                              ; 0                    ; 0                     ; 0                    ; 0                ; 0                    ; 0                   ; 0                   ; 0                  ; 0          ; 0                            ; 0                           ; 1              ;
; state.AUTO_REFRESH_CMD         ; 0                       ; 0                       ; 0                        ; 0                       ; 1                      ; 0                    ; 0                            ; 0                              ; 0                    ; 0                     ; 0                    ; 0                ; 0                    ; 0                   ; 0                   ; 0                  ; 0          ; 0                            ; 0                           ; 1              ;
; state.AUTO_REFRESH_WAIT        ; 0                       ; 0                       ; 0                        ; 1                       ; 0                      ; 0                    ; 0                            ; 0                              ; 0                    ; 0                     ; 0                    ; 0                ; 0                    ; 0                   ; 0                   ; 0                  ; 0          ; 0                            ; 0                           ; 1              ;
; state.SELF_REFRESH_ENTRY       ; 0                       ; 0                       ; 1                        ; 0                       ; 0                      ; 0                    ; 0                            ; 0                              ; 0                    ; 0                     ; 0                    ; 0                ; 0                    ; 0                   ; 0                   ; 0                  ; 0          ; 0                            ; 0                           ; 1              ;
; state.SELF_REFRESH_WAIT        ; 0                       ; 1                       ; 0                        ; 0                       ; 0                      ; 0                    ; 0                            ; 0                              ; 0                    ; 0                     ; 0                    ; 0                ; 0                    ; 0                   ; 0                   ; 0                  ; 0          ; 0                            ; 0                           ; 1              ;
; state.SELF_REFRESH_EXIT        ; 1                       ; 0                       ; 0                        ; 0                       ; 0                      ; 0                    ; 0                            ; 0                              ; 0                    ; 0                     ; 0                    ; 0                ; 0                    ; 0                   ; 0                   ; 0                  ; 0          ; 0                            ; 0                           ; 1              ;
+--------------------------------+-------------------------+-------------------------+--------------------------+-------------------------+------------------------+----------------------+------------------------------+--------------------------------+----------------------+-----------------------+----------------------+------------------+----------------------+---------------------+---------------------+--------------------+------------+------------------------------+-----------------------------+----------------+


Encoding Type:  One-Hot
+-------------------------------------------------------------------------------------------------------------------------------------------------------------------------------------------------+
; State Machine - |top|user_interface:ui_inst|state                                                                                                                                               ;
+--------------------+--------------------+---------------+-----------------+----------------+-----------------+----------------+----------------+----------------+------------+------------------+
; Name               ; state.WAIT_RELEASE ; state.WAIT_RP ; state.PRECHARGE ; state.WAIT_CAS ; state.WRITE_CMD ; state.READ_CMD ; state.WAIT_RCD ; state.ACTIVATE ; state.IDLE ; state.RESET_WAIT ;
+--------------------+--------------------+---------------+-----------------+----------------+-----------------+----------------+----------------+----------------+------------+------------------+
; state.RESET_WAIT   ; 0                  ; 0             ; 0               ; 0              ; 0               ; 0              ; 0              ; 0              ; 0          ; 0                ;
; state.IDLE         ; 0                  ; 0             ; 0               ; 0              ; 0               ; 0              ; 0              ; 0              ; 1          ; 1                ;
; state.ACTIVATE     ; 0                  ; 0             ; 0               ; 0              ; 0               ; 0              ; 0              ; 1              ; 0          ; 1                ;
; state.WAIT_RCD     ; 0                  ; 0             ; 0               ; 0              ; 0               ; 0              ; 1              ; 0              ; 0          ; 1                ;
; state.READ_CMD     ; 0                  ; 0             ; 0               ; 0              ; 0               ; 1              ; 0              ; 0              ; 0          ; 1                ;
; state.WRITE_CMD    ; 0                  ; 0             ; 0               ; 0              ; 1               ; 0              ; 0              ; 0              ; 0          ; 1                ;
; state.WAIT_CAS     ; 0                  ; 0             ; 0               ; 1              ; 0               ; 0              ; 0              ; 0              ; 0          ; 1                ;
; state.PRECHARGE    ; 0                  ; 0             ; 1               ; 0              ; 0               ; 0              ; 0              ; 0              ; 0          ; 1                ;
; state.WAIT_RP      ; 0                  ; 1             ; 0               ; 0              ; 0               ; 0              ; 0              ; 0              ; 0          ; 1                ;
; state.WAIT_RELEASE ; 1                  ; 0             ; 0               ; 0              ; 0               ; 0              ; 0              ; 0              ; 0          ; 1                ;
+--------------------+--------------------+---------------+-----------------+----------------+-----------------+----------------+----------------+----------------+------------+------------------+


+-----------------------------------------------------------------------------------------------------------------------+
; User-Specified and Inferred Latches                                                                                   ;
+-----------------------------------------------------+----------------------------------------+------------------------+
; Latch Name                                          ; Latch Enable Signal                    ; Free of Timing Hazards ;
+-----------------------------------------------------+----------------------------------------+------------------------+
; sdram_controller:sdram_inst|addr_out_sdram[0]       ; sdram_controller:sdram_inst|Selector0  ; yes                    ;
; sdram_controller:sdram_inst|addr_out_sdram[1]       ; sdram_controller:sdram_inst|Selector0  ; yes                    ;
; sdram_controller:sdram_inst|addr_out_sdram[2]       ; sdram_controller:sdram_inst|Selector0  ; yes                    ;
; sdram_controller:sdram_inst|addr_out_sdram[3]       ; sdram_controller:sdram_inst|Selector0  ; yes                    ;
; sdram_controller:sdram_inst|addr_out_sdram[4]       ; sdram_controller:sdram_inst|Selector0  ; yes                    ;
; sdram_controller:sdram_inst|addr_out_sdram[5]       ; sdram_controller:sdram_inst|Selector0  ; yes                    ;
; sdram_controller:sdram_inst|addr_out_sdram[6]       ; sdram_controller:sdram_inst|Selector0  ; yes                    ;
; sdram_controller:sdram_inst|addr_out_sdram[7]       ; sdram_controller:sdram_inst|Selector0  ; yes                    ;
; sdram_controller:sdram_inst|addr_out_sdram[8]       ; sdram_controller:sdram_inst|Selector0  ; yes                    ;
; sdram_controller:sdram_inst|addr_out_sdram[9]       ; sdram_controller:sdram_inst|Selector0  ; yes                    ;
; sdram_controller:sdram_inst|addr_out_sdram[10]      ; sdram_controller:sdram_inst|Selector2  ; yes                    ;
; sdram_controller:sdram_inst|addr_out_sdram[11]      ; sdram_controller:sdram_inst|Selector0  ; yes                    ;
; sdram_controller:sdram_inst|bank_addr_sdram[0]      ; sdram_controller:sdram_inst|Selector61 ; yes                    ;
; sdram_controller:sdram_inst|bank_addr_sdram[1]      ; sdram_controller:sdram_inst|Selector61 ; yes                    ;
; sdram_controller:sdram_inst|clk_enable_sdram        ; sdram_controller:sdram_inst|WideOr25   ; yes                    ;
; Number of user-specified and inferred latches = 15  ;                                        ;                        ;
+-----------------------------------------------------+----------------------------------------+------------------------+
Note: All latches listed above may not be present at the end of synthesis due to various synthesis optimizations.


+--------------------------------------------------------------------------------------------+
; Registers Removed During Synthesis                                                         ;
+---------------------------------------------------+----------------------------------------+
; Register name                                     ; Reason for Removal                     ;
+---------------------------------------------------+----------------------------------------+
; user_interface:ui_inst|cmd_out[3]                 ; Stuck at GND due to stuck port data_in ;
; cmd_fifo:fifo_inst|FIFO_rtl_0_bypass[27]          ; Stuck at GND due to stuck port data_in ;
; sdram_controller:sdram_inst|state.READ_PRECHARGE  ; Stuck at GND due to stuck port data_in ;
; sdram_controller:sdram_inst|state.WRITE_PRECHARGE ; Stuck at GND due to stuck port data_in ;
; Total Number of Removed Registers = 4             ;                                        ;
+---------------------------------------------------+----------------------------------------+


+------------------------------------------------------+
; General Register Statistics                          ;
+----------------------------------------------+-------+
; Statistic                                    ; Value ;
+----------------------------------------------+-------+
; Total registers                              ; 196   ;
; Number of registers using Synchronous Clear  ; 57    ;
; Number of registers using Synchronous Load   ; 20    ;
; Number of registers using Asynchronous Clear ; 78    ;
; Number of registers using Asynchronous Load  ; 0     ;
; Number of registers using Clock Enable       ; 107   ;
; Number of registers using Preset             ; 0     ;
+----------------------------------------------+-------+


+-------------------------------------------------------------+
; Inverted Register Statistics                                ;
+---------------------------------------------------+---------+
; Inverted Register                                 ; Fan out ;
+---------------------------------------------------+---------+
; sdram_controller:sdram_inst|stable_counter[14]    ; 2       ;
; sdram_controller:sdram_inst|stable_counter[11]    ; 2       ;
; sdram_controller:sdram_inst|stable_counter[10]    ; 2       ;
; sdram_controller:sdram_inst|stable_counter[9]     ; 2       ;
; sdram_controller:sdram_inst|stable_counter[5]     ; 2       ;
; cmd_fifo:fifo_inst|FIFO_rtl_0_bypass[22]          ; 1       ;
; cmd_fifo:fifo_inst|FIFO_rtl_0_bypass[24]          ; 1       ;
; cmd_fifo:fifo_inst|FIFO_rtl_0_bypass[26]          ; 1       ;
; cmd_fifo:fifo_inst|FIFO_rtl_0_bypass[28]          ; 1       ;
; sdram_controller:sdram_inst|refresh_timer_cnt[10] ; 2       ;
; sdram_controller:sdram_inst|refresh_timer_cnt[8]  ; 2       ;
; sdram_controller:sdram_inst|refresh_timer_cnt[7]  ; 2       ;
; sdram_controller:sdram_inst|refresh_timer_cnt[6]  ; 2       ;
; sdram_controller:sdram_inst|refresh_timer_cnt[4]  ; 2       ;
; sdram_controller:sdram_inst|refresh_timer_cnt[3]  ; 2       ;
; sdram_controller:sdram_inst|refresh_timer_cnt[2]  ; 2       ;
; Total number of inverted registers = 16           ;         ;
+---------------------------------------------------+---------+


+--------------------------------------------------------------------------+
; Registers Added for RAM Pass-Through Logic                               ;
+------------------------------------------+-------------------------------+
; Register Name                            ; RAM Name                      ;
+------------------------------------------+-------------------------------+
; cmd_fifo:fifo_inst|FIFO_rtl_0_bypass[0]  ; cmd_fifo:fifo_inst|FIFO_rtl_0 ;
; cmd_fifo:fifo_inst|FIFO_rtl_0_bypass[1]  ; cmd_fifo:fifo_inst|FIFO_rtl_0 ;
; cmd_fifo:fifo_inst|FIFO_rtl_0_bypass[2]  ; cmd_fifo:fifo_inst|FIFO_rtl_0 ;
; cmd_fifo:fifo_inst|FIFO_rtl_0_bypass[3]  ; cmd_fifo:fifo_inst|FIFO_rtl_0 ;
; cmd_fifo:fifo_inst|FIFO_rtl_0_bypass[4]  ; cmd_fifo:fifo_inst|FIFO_rtl_0 ;
; cmd_fifo:fifo_inst|FIFO_rtl_0_bypass[5]  ; cmd_fifo:fifo_inst|FIFO_rtl_0 ;
; cmd_fifo:fifo_inst|FIFO_rtl_0_bypass[6]  ; cmd_fifo:fifo_inst|FIFO_rtl_0 ;
; cmd_fifo:fifo_inst|FIFO_rtl_0_bypass[7]  ; cmd_fifo:fifo_inst|FIFO_rtl_0 ;
; cmd_fifo:fifo_inst|FIFO_rtl_0_bypass[8]  ; cmd_fifo:fifo_inst|FIFO_rtl_0 ;
; cmd_fifo:fifo_inst|FIFO_rtl_0_bypass[9]  ; cmd_fifo:fifo_inst|FIFO_rtl_0 ;
; cmd_fifo:fifo_inst|FIFO_rtl_0_bypass[10] ; cmd_fifo:fifo_inst|FIFO_rtl_0 ;
; cmd_fifo:fifo_inst|FIFO_rtl_0_bypass[11] ; cmd_fifo:fifo_inst|FIFO_rtl_0 ;
; cmd_fifo:fifo_inst|FIFO_rtl_0_bypass[12] ; cmd_fifo:fifo_inst|FIFO_rtl_0 ;
; cmd_fifo:fifo_inst|FIFO_rtl_0_bypass[13] ; cmd_fifo:fifo_inst|FIFO_rtl_0 ;
; cmd_fifo:fifo_inst|FIFO_rtl_0_bypass[14] ; cmd_fifo:fifo_inst|FIFO_rtl_0 ;
; cmd_fifo:fifo_inst|FIFO_rtl_0_bypass[15] ; cmd_fifo:fifo_inst|FIFO_rtl_0 ;
; cmd_fifo:fifo_inst|FIFO_rtl_0_bypass[16] ; cmd_fifo:fifo_inst|FIFO_rtl_0 ;
; cmd_fifo:fifo_inst|FIFO_rtl_0_bypass[17] ; cmd_fifo:fifo_inst|FIFO_rtl_0 ;
; cmd_fifo:fifo_inst|FIFO_rtl_0_bypass[18] ; cmd_fifo:fifo_inst|FIFO_rtl_0 ;
; cmd_fifo:fifo_inst|FIFO_rtl_0_bypass[19] ; cmd_fifo:fifo_inst|FIFO_rtl_0 ;
; cmd_fifo:fifo_inst|FIFO_rtl_0_bypass[20] ; cmd_fifo:fifo_inst|FIFO_rtl_0 ;
; cmd_fifo:fifo_inst|FIFO_rtl_0_bypass[21] ; cmd_fifo:fifo_inst|FIFO_rtl_0 ;
; cmd_fifo:fifo_inst|FIFO_rtl_0_bypass[22] ; cmd_fifo:fifo_inst|FIFO_rtl_0 ;
; cmd_fifo:fifo_inst|FIFO_rtl_0_bypass[23] ; cmd_fifo:fifo_inst|FIFO_rtl_0 ;
; cmd_fifo:fifo_inst|FIFO_rtl_0_bypass[24] ; cmd_fifo:fifo_inst|FIFO_rtl_0 ;
; cmd_fifo:fifo_inst|FIFO_rtl_0_bypass[25] ; cmd_fifo:fifo_inst|FIFO_rtl_0 ;
; cmd_fifo:fifo_inst|FIFO_rtl_0_bypass[26] ; cmd_fifo:fifo_inst|FIFO_rtl_0 ;
; cmd_fifo:fifo_inst|FIFO_rtl_0_bypass[27] ; cmd_fifo:fifo_inst|FIFO_rtl_0 ;
; cmd_fifo:fifo_inst|FIFO_rtl_0_bypass[28] ; cmd_fifo:fifo_inst|FIFO_rtl_0 ;
+------------------------------------------+-------------------------------+


+----------------------------------------------------------------------------------------------------------------------------------------------------------------+
; Multiplexer Restructuring Statistics (Restructuring Performed)                                                                                                 ;
+--------------------+-----------+---------------+----------------------+------------------------+------------+--------------------------------------------------+
; Multiplexer Inputs ; Bus Width ; Baseline Area ; Area if Restructured ; Saving if Restructured ; Registered ; Example Multiplexer Output                       ;
+--------------------+-----------+---------------+----------------------+------------------------+------------+--------------------------------------------------+
; 4:1                ; 10 bits   ; 20 LEs        ; 0 LEs                ; 20 LEs                 ; Yes        ; |top|cmd_fifo:fifo_inst|wr_ptr[9]                ;
; 4:1                ; 2 bits    ; 4 LEs         ; 2 LEs                ; 2 LEs                  ; Yes        ; |top|sdram_controller:sdram_inst|refresh_cnt[0]  ;
; 6:1                ; 11 bits   ; 44 LEs        ; 11 LEs               ; 33 LEs                 ; Yes        ; |top|cmd_fifo:fifo_inst|count[10]                ;
; 8:1                ; 15 bits   ; 75 LEs        ; 0 LEs                ; 75 LEs                 ; Yes        ; |top|user_interface:ui_inst|counter[11]          ;
; 24:1               ; 15 bits   ; 240 LEs       ; 60 LEs               ; 180 LEs                ; Yes        ; |top|sdram_controller:sdram_inst|wait_counter[4] ;
; 4:1                ; 10 bits   ; 20 LEs        ; 20 LEs               ; 0 LEs                  ; No         ; |top|cmd_fifo:fifo_inst|rd_ptr                   ;
; 7:1                ; 4 bits    ; 16 LEs        ; 12 LEs               ; 4 LEs                  ; No         ; |top|sdram_controller:sdram_inst|Selector5       ;
; 8:1                ; 6 bits    ; 30 LEs        ; 18 LEs               ; 12 LEs                 ; No         ; |top|sdram_controller:sdram_inst|Selector22      ;
; 13:1               ; 4 bits    ; 32 LEs        ; 20 LEs               ; 12 LEs                 ; No         ; |top|user_interface:ui_inst|Selector16           ;
; 15:1               ; 2 bits    ; 20 LEs        ; 8 LEs                ; 12 LEs                 ; No         ; |top|user_interface:ui_inst|Selector21           ;
+--------------------+-----------+---------------+----------------------+------------------------+------------+--------------------------------------------------+


+------------------------------------------------------------------------------------------------+
; Source assignments for cmd_fifo:fifo_inst|altsyncram:FIFO_rtl_0|altsyncram_u8n1:auto_generated ;
+---------------------------------+--------------------+------+----------------------------------+
; Assignment                      ; Value              ; From ; To                               ;
+---------------------------------+--------------------+------+----------------------------------+
; OPTIMIZE_POWER_DURING_SYNTHESIS ; NORMAL_COMPILATION ; -    ; -                                ;
+---------------------------------+--------------------+------+----------------------------------+


+-----------------------------------------------------------------+
; Parameter Settings for User Entity Instance: cmd_fifo:fifo_inst ;
+----------------+-------+----------------------------------------+
; Parameter Name ; Value ; Type                                   ;
+----------------+-------+----------------------------------------+
; m              ; 10    ; Signed Integer                         ;
; n              ; 4     ; Signed Integer                         ;
+----------------+-------+----------------------------------------+
Note: In order to hide this table in the UI and the text report file, please set the "Show Parameter Settings in Synthesis Report" option in "Analysis and Synthesis Settings -> More Settings" to "Off".


+---------------------------------------------------------------------+
; Parameter Settings for User Entity Instance: user_interface:ui_inst ;
+----------------+-------+--------------------------------------------+
; Parameter Name ; Value ; Type                                       ;
+----------------+-------+--------------------------------------------+
; freq_clk       ; 100   ; Signed Integer                             ;
+----------------+-------+--------------------------------------------+
Note: In order to hide this table in the UI and the text report file, please set the "Show Parameter Settings in Synthesis Report" option in "Analysis and Synthesis Settings -> More Settings" to "Off".


+--------------------------------------------------------------------------+
; Parameter Settings for User Entity Instance: sdram_controller:sdram_inst ;
+----------------+-------+-------------------------------------------------+
; Parameter Name ; Value ; Type                                            ;
+----------------+-------+-------------------------------------------------+
; freq_clk       ; 100   ; Signed Integer                                  ;
+----------------+-------+-------------------------------------------------+
Note: In order to hide this table in the UI and the text report file, please set the "Show Parameter Settings in Synthesis Report" option in "Analysis and Synthesis Settings -> More Settings" to "Off".


+-----------------------------------------------------------------------------------------------+
; Parameter Settings for Inferred Entity Instance: cmd_fifo:fifo_inst|altsyncram:FIFO_rtl_0     ;
+------------------------------------+-----------------------------------------+----------------+
; Parameter Name                     ; Value                                   ; Type           ;
+------------------------------------+-----------------------------------------+----------------+
; BYTE_SIZE_BLOCK                    ; 8                                       ; Untyped        ;
; AUTO_CARRY_CHAINS                  ; ON                                      ; AUTO_CARRY     ;
; IGNORE_CARRY_BUFFERS               ; OFF                                     ; IGNORE_CARRY   ;
; AUTO_CASCADE_CHAINS                ; ON                                      ; AUTO_CASCADE   ;
; IGNORE_CASCADE_BUFFERS             ; OFF                                     ; IGNORE_CASCADE ;
; WIDTH_BYTEENA                      ; 1                                       ; Untyped        ;
; OPERATION_MODE                     ; DUAL_PORT                               ; Untyped        ;
; WIDTH_A                            ; 4                                       ; Untyped        ;
; WIDTHAD_A                          ; 10                                      ; Untyped        ;
; NUMWORDS_A                         ; 1024                                    ; Untyped        ;
; OUTDATA_REG_A                      ; UNREGISTERED                            ; Untyped        ;
; ADDRESS_ACLR_A                     ; NONE                                    ; Untyped        ;
; OUTDATA_ACLR_A                     ; NONE                                    ; Untyped        ;
; WRCONTROL_ACLR_A                   ; NONE                                    ; Untyped        ;
; INDATA_ACLR_A                      ; NONE                                    ; Untyped        ;
; BYTEENA_ACLR_A                     ; NONE                                    ; Untyped        ;
; WIDTH_B                            ; 4                                       ; Untyped        ;
; WIDTHAD_B                          ; 10                                      ; Untyped        ;
; NUMWORDS_B                         ; 1024                                    ; Untyped        ;
; INDATA_REG_B                       ; CLOCK1                                  ; Untyped        ;
; WRCONTROL_WRADDRESS_REG_B          ; CLOCK1                                  ; Untyped        ;
; RDCONTROL_REG_B                    ; CLOCK1                                  ; Untyped        ;
; ADDRESS_REG_B                      ; CLOCK0                                  ; Untyped        ;
; OUTDATA_REG_B                      ; UNREGISTERED                            ; Untyped        ;
; BYTEENA_REG_B                      ; CLOCK1                                  ; Untyped        ;
; INDATA_ACLR_B                      ; NONE                                    ; Untyped        ;
; WRCONTROL_ACLR_B                   ; NONE                                    ; Untyped        ;
; ADDRESS_ACLR_B                     ; NONE                                    ; Untyped        ;
; OUTDATA_ACLR_B                     ; NONE                                    ; Untyped        ;
; RDCONTROL_ACLR_B                   ; NONE                                    ; Untyped        ;
; BYTEENA_ACLR_B                     ; NONE                                    ; Untyped        ;
; WIDTH_BYTEENA_A                    ; 1                                       ; Untyped        ;
; WIDTH_BYTEENA_B                    ; 1                                       ; Untyped        ;
; RAM_BLOCK_TYPE                     ; AUTO                                    ; Untyped        ;
; BYTE_SIZE                          ; 8                                       ; Untyped        ;
; READ_DURING_WRITE_MODE_MIXED_PORTS ; DONT_CARE                               ; Untyped        ;
; READ_DURING_WRITE_MODE_PORT_A      ; NEW_DATA_NO_NBE_READ                    ; Untyped        ;
; READ_DURING_WRITE_MODE_PORT_B      ; NEW_DATA_NO_NBE_READ                    ; Untyped        ;
; INIT_FILE                          ; db/sdram.ram0_cmd_fifo_693e84bf.hdl.mif ; Untyped        ;
; INIT_FILE_LAYOUT                   ; PORT_A                                  ; Untyped        ;
; MAXIMUM_DEPTH                      ; 0                                       ; Untyped        ;
; CLOCK_ENABLE_INPUT_A               ; NORMAL                                  ; Untyped        ;
; CLOCK_ENABLE_INPUT_B               ; NORMAL                                  ; Untyped        ;
; CLOCK_ENABLE_OUTPUT_A              ; NORMAL                                  ; Untyped        ;
; CLOCK_ENABLE_OUTPUT_B              ; NORMAL                                  ; Untyped        ;
; CLOCK_ENABLE_CORE_A                ; USE_INPUT_CLKEN                         ; Untyped        ;
; CLOCK_ENABLE_CORE_B                ; USE_INPUT_CLKEN                         ; Untyped        ;
; ENABLE_ECC                         ; FALSE                                   ; Untyped        ;
; ECC_PIPELINE_STAGE_ENABLED         ; FALSE                                   ; Untyped        ;
; WIDTH_ECCSTATUS                    ; 3                                       ; Untyped        ;
; DEVICE_FAMILY                      ; Cyclone V                               ; Untyped        ;
; CBXI_PARAMETER                     ; altsyncram_u8n1                         ; Untyped        ;
+------------------------------------+-----------------------------------------+----------------+
Note: In order to hide this table in the UI and the text report file, please set the "Show Parameter Settings in Synthesis Report" option in "Analysis and Synthesis Settings -> More Settings" to "Off".


+--------------------------------------------------------------------------------------+
; altsyncram Parameter Settings by Entity Instance                                     ;
+-------------------------------------------+------------------------------------------+
; Name                                      ; Value                                    ;
+-------------------------------------------+------------------------------------------+
; Number of entity instances                ; 1                                        ;
; Entity Instance                           ; cmd_fifo:fifo_inst|altsyncram:FIFO_rtl_0 ;
;     -- OPERATION_MODE                     ; DUAL_PORT                                ;
;     -- WIDTH_A                            ; 4                                        ;
;     -- NUMWORDS_A                         ; 1024                                     ;
;     -- OUTDATA_REG_A                      ; UNREGISTERED                             ;
;     -- WIDTH_B                            ; 4                                        ;
;     -- NUMWORDS_B                         ; 1024                                     ;
;     -- ADDRESS_REG_B                      ; CLOCK0                                   ;
;     -- OUTDATA_REG_B                      ; UNREGISTERED                             ;
;     -- RAM_BLOCK_TYPE                     ; AUTO                                     ;
;     -- READ_DURING_WRITE_MODE_MIXED_PORTS ; DONT_CARE                                ;
+-------------------------------------------+------------------------------------------+


+-------------------------------------------------------------------------------------------------------------------+
; Port Connectivity Checks: "cmd_fifo:fifo_inst"                                                                    ;
+---------+--------+----------+-------------------------------------------------------------------------------------+
; Port    ; Type   ; Severity ; Details                                                                             ;
+---------+--------+----------+-------------------------------------------------------------------------------------+
; o_empty ; Output ; Info     ; Connected to dangling logic. Logic that only feeds a dangling port will be removed. ;
; o_full  ; Output ; Info     ; Connected to dangling logic. Logic that only feeds a dangling port will be removed. ;
+---------+--------+----------+-------------------------------------------------------------------------------------+


+-----------------------------------------------------+
; Post-Synthesis Netlist Statistics for Top Partition ;
+-----------------------+-----------------------------+
; Type                  ; Count                       ;
+-----------------------+-----------------------------+
; arriav_ff             ; 196                         ;
;     CLR               ; 45                          ;
;     CLR SCLR          ; 1                           ;
;     ENA               ; 54                          ;
;     ENA CLR           ; 17                          ;
;     ENA CLR SCLR      ; 15                          ;
;     ENA SCLR          ; 21                          ;
;     SCLR SLD          ; 20                          ;
;     plain             ; 23                          ;
; arriav_io_obuf        ; 32                          ;
; arriav_lcell_comb     ; 315                         ;
;     arith             ; 90                          ;
;         1 data inputs ; 80                          ;
;         4 data inputs ; 10                          ;
;     normal            ; 225                         ;
;         0 data inputs ; 1                           ;
;         1 data inputs ; 5                           ;
;         2 data inputs ; 31                          ;
;         3 data inputs ; 30                          ;
;         4 data inputs ; 39                          ;
;         5 data inputs ; 46                          ;
;         6 data inputs ; 73                          ;
; boundary_port         ; 72                          ;
; stratixv_ram_block    ; 4                           ;
;                       ;                             ;
; Max LUT depth         ; 4.00                        ;
; Average LUT depth     ; 2.42                        ;
+-----------------------+-----------------------------+


+-------------------------------+
; Elapsed Time Per Partition    ;
+----------------+--------------+
; Partition Name ; Elapsed Time ;
+----------------+--------------+
; Top            ; 00:00:00     ;
+----------------+--------------+


+-------------------------------+
; Analysis & Synthesis Messages ;
+-------------------------------+
Info: *******************************************************************
Info: Running Quartus Prime Analysis & Synthesis
    Info: Version 20.1.1 Build 720 11/11/2020 SJ Lite Edition
    Info: Processing started: Wed Aug 12 19:00:31 2026
Info: Command: quartus_map --read_settings_files=on --write_settings_files=off sdram -c sdram
Warning (18236): Number of processors has not been specified which may cause overloading on shared machines.  Set the global assignment NUM_PARALLEL_PROCESSORS in your QSF to an appropriate value for best performance.
Info (20030): Parallel compilation is enabled and will use 8 of the 8 processors detected
Info (12021): Found 2 design units, including 1 entities, in source file top.vhd
    Info (12022): Found design unit 1: top-rtl File: D:/prjct quartus/sdram_controller/top.vhd Line: 38
    Info (12023): Found entity 1: top File: D:/prjct quartus/sdram_controller/top.vhd Line: 5
Info (12021): Found 2 design units, including 1 entities, in source file sdram_controller.vhd
    Info (12022): Found design unit 1: sdram_controller-rtl File: D:/prjct quartus/sdram_controller/sdram_controller.vhd Line: 38
    Info (12023): Found entity 1: sdram_controller File: D:/prjct quartus/sdram_controller/sdram_controller.vhd Line: 6
Info (12021): Found 2 design units, including 1 entities, in source file cmd_fifo.vhd
    Info (12022): Found design unit 1: cmd_fifo-rtl File: D:/prjct quartus/sdram_controller/cmd_fifo.vhd Line: 29
    Info (12023): Found entity 1: cmd_fifo File: D:/prjct quartus/sdram_controller/cmd_fifo.vhd Line: 7
Info (12021): Found 2 design units, including 1 entities, in source file user_interface.vhd
    Info (12022): Found design unit 1: user_interface-rtl File: D:/prjct quartus/sdram_controller/user_interface.vhd Line: 21
    Info (12023): Found entity 1: user_interface File: D:/prjct quartus/sdram_controller/user_interface.vhd Line: 5
Info (12021): Found 2 design units, including 1 entities, in source file tb_cmd_fifo.vhd
    Info (12022): Found design unit 1: tb_cmd_fifo-sim File: D:/prjct quartus/sdram_controller/tb_cmd_fifo.vhd Line: 8
    Info (12023): Found entity 1: tb_cmd_fifo File: D:/prjct quartus/sdram_controller/tb_cmd_fifo.vhd Line: 5
Info (12021): Found 2 design units, including 1 entities, in source file tb_user_interface.vhd
    Info (12022): Found design unit 1: tb_user_interface-sim File: D:/prjct quartus/sdram_controller/tb_user_interface.vhd Line: 7
    Info (12023): Found entity 1: tb_user_interface File: D:/prjct quartus/sdram_controller/tb_user_interface.vhd Line: 4
Info (12021): Found 2 design units, including 1 entities, in source file tb_top.vhd
    Info (12022): Found design unit 1: tb_top-sim File: D:/prjct quartus/sdram_controller/tb_top.vhd Line: 7
    Info (12023): Found entity 1: tb_top File: D:/prjct quartus/sdram_controller/tb_top.vhd Line: 4
Info (12021): Found 2 design units, including 1 entities, in source file tb_sdram_controller.vhd
    Info (12022): Found design unit 1: tb_sdram_full_features-sim File: D:/prjct quartus/sdram_controller/tb_sdram_controller.vhd Line: 8
    Info (12023): Found entity 1: tb_sdram_full_features File: D:/prjct quartus/sdram_controller/tb_sdram_controller.vhd Line: 5
Info (12127): Elaborating entity "top" for the top level hierarchy
Warning (10036): Verilog HDL or VHDL warning at top.vhd(45): object "fifo_empty" assigned a value but never read File: D:/prjct quartus/sdram_controller/top.vhd Line: 45
Warning (10036): Verilog HDL or VHDL warning at top.vhd(46): object "fifo_full" assigned a value but never read File: D:/prjct quartus/sdram_controller/top.vhd Line: 46
Info (12128): Elaborating entity "cmd_fifo" for hierarchy "cmd_fifo:fifo_inst" File: D:/prjct quartus/sdram_controller/top.vhd Line: 52
Info (12128): Elaborating entity "user_interface" for hierarchy "user_interface:ui_inst" File: D:/prjct quartus/sdram_controller/top.vhd Line: 68
Info (12128): Elaborating entity "sdram_controller" for hierarchy "sdram_controller:sdram_inst" File: D:/prjct quartus/sdram_controller/top.vhd Line: 81
Warning (10541): VHDL Signal Declaration warning at sdram_controller.vhd(25): used implicit default value for signal "DQM_sdram" because signal was never assigned a value or an explicit default value. Use of implicit default value may introduce unintended design optimizations. File: D:/prjct quartus/sdram_controller/sdram_controller.vhd Line: 25
Warning (10036): Verilog HDL or VHDL warning at sdram_controller.vhd(72): object "state_next" assigned a value but never read File: D:/prjct quartus/sdram_controller/sdram_controller.vhd Line: 72
Warning (10036): Verilog HDL or VHDL warning at sdram_controller.vhd(82): object "direction_data" assigned a value but never read File: D:/prjct quartus/sdram_controller/sdram_controller.vhd Line: 82
Warning (10492): VHDL Process Statement warning at sdram_controller.vhd(393): signal "wait_counter" is read inside the Process Statement but isn't in the Process Statement's sensitivity list File: D:/prjct quartus/sdram_controller/sdram_controller.vhd Line: 393
Warning (10492): VHDL Process Statement warning at sdram_controller.vhd(460): signal "bank_addr_user" is read inside the Process Statement but isn't in the Process Statement's sensitivity list File: D:/prjct quartus/sdram_controller/sdram_controller.vhd Line: 460
Warning (10492): VHDL Process Statement warning at sdram_controller.vhd(468): signal "bank_addr_user" is read inside the Process Statement but isn't in the Process Statement's sensitivity list File: D:/prjct quartus/sdram_controller/sdram_controller.vhd Line: 468
Warning (10492): VHDL Process Statement warning at sdram_controller.vhd(469): signal "addr_in_user" is read inside the Process Statement but isn't in the Process Statement's sensitivity list File: D:/prjct quartus/sdram_controller/sdram_controller.vhd Line: 469
Warning (10492): VHDL Process Statement warning at sdram_controller.vhd(472): signal "read_enable" is read inside the Process Statement but isn't in the Process Statement's sensitivity list File: D:/prjct quartus/sdram_controller/sdram_controller.vhd Line: 472
Warning (10492): VHDL Process Statement warning at sdram_controller.vhd(478): signal "bank_addr_user" is read inside the Process Statement but isn't in the Process Statement's sensitivity list File: D:/prjct quartus/sdram_controller/sdram_controller.vhd Line: 478
Warning (10492): VHDL Process Statement warning at sdram_controller.vhd(479): signal "addr_in_user" is read inside the Process Statement but isn't in the Process Statement's sensitivity list File: D:/prjct quartus/sdram_controller/sdram_controller.vhd Line: 479
Warning (10492): VHDL Process Statement warning at sdram_controller.vhd(483): signal "write_enable" is read inside the Process Statement but isn't in the Process Statement's sensitivity list File: D:/prjct quartus/sdram_controller/sdram_controller.vhd Line: 483
Warning (10492): VHDL Process Statement warning at sdram_controller.vhd(489): signal "bank_addr_user" is read inside the Process Statement but isn't in the Process Statement's sensitivity list File: D:/prjct quartus/sdram_controller/sdram_controller.vhd Line: 489
Warning (10492): VHDL Process Statement warning at sdram_controller.vhd(490): signal "addr_in_user" is read inside the Process Statement but isn't in the Process Statement's sensitivity list File: D:/prjct quartus/sdram_controller/sdram_controller.vhd Line: 490
Warning (10631): VHDL Process Statement warning at sdram_controller.vhd(400): inferring latch(es) for signal or variable "addr_out_sdram", which holds its previous value in one or more paths through the process File: D:/prjct quartus/sdram_controller/sdram_controller.vhd Line: 400
Warning (10631): VHDL Process Statement warning at sdram_controller.vhd(400): inferring latch(es) for signal or variable "bank_addr_sdram", which holds its previous value in one or more paths through the process File: D:/prjct quartus/sdram_controller/sdram_controller.vhd Line: 400
Warning (10631): VHDL Process Statement warning at sdram_controller.vhd(400): inferring latch(es) for signal or variable "clk_enable_sdram", which holds its previous value in one or more paths through the process File: D:/prjct quartus/sdram_controller/sdram_controller.vhd Line: 400
Info (10041): Inferred latch for "state_next.SELF_REFRESH_EXIT" at sdram_controller.vhd(400) File: D:/prjct quartus/sdram_controller/sdram_controller.vhd Line: 400
Info (10041): Inferred latch for "state_next.SELF_REFRESH_WAIT" at sdram_controller.vhd(400) File: D:/prjct quartus/sdram_controller/sdram_controller.vhd Line: 400
Info (10041): Inferred latch for "state_next.SELF_REFRESH_ENTRY" at sdram_controller.vhd(400) File: D:/prjct quartus/sdram_controller/sdram_controller.vhd Line: 400
Info (10041): Inferred latch for "state_next.AUTO_REFRESH_WAIT" at sdram_controller.vhd(400) File: D:/prjct quartus/sdram_controller/sdram_controller.vhd Line: 400
Info (10041): Inferred latch for "state_next.AUTO_REFRESH_CMD" at sdram_controller.vhd(400) File: D:/prjct quartus/sdram_controller/sdram_controller.vhd Line: 400
Info (10041): Inferred latch for "state_next.PRECHARGE_WAIT" at sdram_controller.vhd(400) File: D:/prjct quartus/sdram_controller/sdram_controller.vhd Line: 400
Info (10041): Inferred latch for "state_next.PRECHARGE_ALL_BANK_CMD" at sdram_controller.vhd(400) File: D:/prjct quartus/sdram_controller/sdram_controller.vhd Line: 400
Info (10041): Inferred latch for "state_next.PRECHARGE_ALL_BANK_power" at sdram_controller.vhd(400) File: D:/prjct quartus/sdram_controller/sdram_controller.vhd Line: 400
Info (10041): Inferred latch for "state_next.BANK_PRECHARGE" at sdram_controller.vhd(400) File: D:/prjct quartus/sdram_controller/sdram_controller.vhd Line: 400
Info (10041): Inferred latch for "state_next.WRITE_PRECHARGE" at sdram_controller.vhd(400) File: D:/prjct quartus/sdram_controller/sdram_controller.vhd Line: 400
Info (10041): Inferred latch for "state_next.READ_PRECHARGE" at sdram_controller.vhd(400) File: D:/prjct quartus/sdram_controller/sdram_controller.vhd Line: 400
Info (10041): Inferred latch for "state_next.WRITE_BANK" at sdram_controller.vhd(400) File: D:/prjct quartus/sdram_controller/sdram_controller.vhd Line: 400
Info (10041): Inferred latch for "state_next.READ_BANK_WAIT" at sdram_controller.vhd(400) File: D:/prjct quartus/sdram_controller/sdram_controller.vhd Line: 400
Info (10041): Inferred latch for "state_next.READ_BANK_CMD" at sdram_controller.vhd(400) File: D:/prjct quartus/sdram_controller/sdram_controller.vhd Line: 400
Info (10041): Inferred latch for "state_next.ACTIVATE_WAIT" at sdram_controller.vhd(400) File: D:/prjct quartus/sdram_controller/sdram_controller.vhd Line: 400
Info (10041): Inferred latch for "state_next.ACTIVATE_CMD" at sdram_controller.vhd(400) File: D:/prjct quartus/sdram_controller/sdram_controller.vhd Line: 400
Info (10041): Inferred latch for "state_next.IDLE" at sdram_controller.vhd(400) File: D:/prjct quartus/sdram_controller/sdram_controller.vhd Line: 400
Info (10041): Inferred latch for "state_next.MODE_REGISTER_SET_WAIT" at sdram_controller.vhd(400) File: D:/prjct quartus/sdram_controller/sdram_controller.vhd Line: 400
Info (10041): Inferred latch for "state_next.MODE_REGISTER_SET_CMD" at sdram_controller.vhd(400) File: D:/prjct quartus/sdram_controller/sdram_controller.vhd Line: 400
Info (10041): Inferred latch for "state_next.POWER_ON" at sdram_controller.vhd(400) File: D:/prjct quartus/sdram_controller/sdram_controller.vhd Line: 400
Info (10041): Inferred latch for "clk_enable_sdram" at sdram_controller.vhd(400) File: D:/prjct quartus/sdram_controller/sdram_controller.vhd Line: 400
Info (10041): Inferred latch for "bank_addr_sdram[0]" at sdram_controller.vhd(400) File: D:/prjct quartus/sdram_controller/sdram_controller.vhd Line: 400
Info (10041): Inferred latch for "bank_addr_sdram[1]" at sdram_controller.vhd(400) File: D:/prjct quartus/sdram_controller/sdram_controller.vhd Line: 400
Info (10041): Inferred latch for "addr_out_sdram[0]" at sdram_controller.vhd(400) File: D:/prjct quartus/sdram_controller/sdram_controller.vhd Line: 400
Info (10041): Inferred latch for "addr_out_sdram[1]" at sdram_controller.vhd(400) File: D:/prjct quartus/sdram_controller/sdram_controller.vhd Line: 400
Info (10041): Inferred latch for "addr_out_sdram[2]" at sdram_controller.vhd(400) File: D:/prjct quartus/sdram_controller/sdram_controller.vhd Line: 400
Info (10041): Inferred latch for "addr_out_sdram[3]" at sdram_controller.vhd(400) File: D:/prjct quartus/sdram_controller/sdram_controller.vhd Line: 400
Info (10041): Inferred latch for "addr_out_sdram[4]" at sdram_controller.vhd(400) File: D:/prjct quartus/sdram_controller/sdram_controller.vhd Line: 400
Info (10041): Inferred latch for "addr_out_sdram[5]" at sdram_controller.vhd(400) File: D:/prjct quartus/sdram_controller/sdram_controller.vhd Line: 400
Info (10041): Inferred latch for "addr_out_sdram[6]" at sdram_controller.vhd(400) File: D:/prjct quartus/sdram_controller/sdram_controller.vhd Line: 400
Info (10041): Inferred latch for "addr_out_sdram[7]" at sdram_controller.vhd(400) File: D:/prjct quartus/sdram_controller/sdram_controller.vhd Line: 400
Info (10041): Inferred latch for "addr_out_sdram[8]" at sdram_controller.vhd(400) File: D:/prjct quartus/sdram_controller/sdram_controller.vhd Line: 400
Info (10041): Inferred latch for "addr_out_sdram[9]" at sdram_controller.vhd(400) File: D:/prjct quartus/sdram_controller/sdram_controller.vhd Line: 400
Info (10041): Inferred latch for "addr_out_sdram[10]" at sdram_controller.vhd(400) File: D:/prjct quartus/sdram_controller/sdram_controller.vhd Line: 400
Info (10041): Inferred latch for "addr_out_sdram[11]" at sdram_controller.vhd(400) File: D:/prjct quartus/sdram_controller/sdram_controller.vhd Line: 400
Warning (276020): Inferred RAM node "cmd_fifo:fifo_inst|FIFO_rtl_0" from synchronous design logic.  Pass-through logic has been added to match the read-during-write behavior of the original design.
Info (19000): Inferred 1 megafunctions from design logic
    Info (276029): Inferred altsyncram megafunction from the following design logic: "cmd_fifo:fifo_inst|FIFO_rtl_0" 
        Info (286033): Parameter OPERATION_MODE set to DUAL_PORT
        Info (286033): Parameter WIDTH_A set to 4
        Info (286033): Parameter WIDTHAD_A set to 10
        Info (286033): Parameter NUMWORDS_A set to 1024
        Info (286033): Parameter WIDTH_B set to 4
        Info (286033): Parameter WIDTHAD_B set to 10
        Info (286033): Parameter NUMWORDS_B set to 1024
        Info (286033): Parameter ADDRESS_ACLR_A set to NONE
        Info (286033): Parameter OUTDATA_REG_B set to UNREGISTERED
        Info (286033): Parameter ADDRESS_ACLR_B set to NONE
        Info (286033): Parameter OUTDATA_ACLR_B set to NONE
        Info (286033): Parameter ADDRESS_REG_B set to CLOCK0
        Info (286033): Parameter INDATA_ACLR_A set to NONE
        Info (286033): Parameter WRCONTROL_ACLR_A set to NONE
        Info (286033): Parameter INIT_FILE set to db/sdram.ram0_cmd_fifo_693e84bf.hdl.mif
Info (12130): Elaborated megafunction instantiation "cmd_fifo:fifo_inst|altsyncram:FIFO_rtl_0"
Info (12133): Instantiated megafunction "cmd_fifo:fifo_inst|altsyncram:FIFO_rtl_0" with the following parameter:
    Info (12134): Parameter "OPERATION_MODE" = "DUAL_PORT"
    Info (12134): Parameter "WIDTH_A" = "4"
    Info (12134): Parameter "WIDTHAD_A" = "10"
    Info (12134): Parameter "NUMWORDS_A" = "1024"
    Info (12134): Parameter "WIDTH_B" = "4"
    Info (12134): Parameter "WIDTHAD_B" = "10"
    Info (12134): Parameter "NUMWORDS_B" = "1024"
    Info (12134): Parameter "ADDRESS_ACLR_A" = "NONE"
    Info (12134): Parameter "OUTDATA_REG_B" = "UNREGISTERED"
    Info (12134): Parameter "ADDRESS_ACLR_B" = "NONE"
    Info (12134): Parameter "OUTDATA_ACLR_B" = "NONE"
    Info (12134): Parameter "ADDRESS_REG_B" = "CLOCK0"
    Info (12134): Parameter "INDATA_ACLR_A" = "NONE"
    Info (12134): Parameter "WRCONTROL_ACLR_A" = "NONE"
    Info (12134): Parameter "INIT_FILE" = "db/sdram.ram0_cmd_fifo_693e84bf.hdl.mif"
Info (12021): Found 1 design units, including 1 entities, in source file db/altsyncram_u8n1.tdf
    Info (12023): Found entity 1: altsyncram_u8n1 File: D:/prjct quartus/sdram_controller/db/altsyncram_u8n1.tdf Line: 28
Warning (13012): Latch sdram_controller:sdram_inst|addr_out_sdram[10] has unsafe behavior File: D:/prjct quartus/sdram_controller/sdram_controller.vhd Line: 400
    Warning (13013): Ports D and ENA on the latch are fed by the same signal sdram_controller:sdram_inst|state.WRITE_BANK File: D:/prjct quartus/sdram_controller/sdram_controller.vhd Line: 72
Warning (13024): Output pins are stuck at VCC or GND
    Warning (13410): Pin "cs" is stuck at GND File: D:/prjct quartus/sdram_controller/top.vhd Line: 14
    Warning (13410): Pin "dqm_sdram" is stuck at GND File: D:/prjct quartus/sdram_controller/top.vhd Line: 25
Info (286030): Timing-Driven Synthesis is running
Critical Warning (18061): Ignored Power-Up Level option on the following registers
    Critical Warning (18010): Register sdram_controller:sdram_inst|stable_counter[14] will power up to High File: D:/prjct quartus/sdram_controller/sdram_controller.vhd Line: 170
    Critical Warning (18010): Register sdram_controller:sdram_inst|stable_counter[11] will power up to High File: D:/prjct quartus/sdram_controller/sdram_controller.vhd Line: 170
    Critical Warning (18010): Register sdram_controller:sdram_inst|stable_counter[10] will power up to High File: D:/prjct quartus/sdram_controller/sdram_controller.vhd Line: 170
    Critical Warning (18010): Register sdram_controller:sdram_inst|stable_counter[9] will power up to High File: D:/prjct quartus/sdram_controller/sdram_controller.vhd Line: 170
    Critical Warning (18010): Register sdram_controller:sdram_inst|stable_counter[5] will power up to High File: D:/prjct quartus/sdram_controller/sdram_controller.vhd Line: 170
Info (16010): Generating hard_block partition "hard_block:auto_generated_inst"
    Info (16011): Adding 0 node(s), including 0 DDIO, 0 PLL, 0 transceiver and 0 LCELL
Warning (21074): Design contains 1 input pin(s) that do not drive logic
    Warning (15610): No output dependent on input pin "dqm_user" File: D:/prjct quartus/sdram_controller/top.vhd Line: 27
Info (21057): Implemented 471 device resources after synthesis - the final resource count might be different
    Info (21058): Implemented 19 input pins
    Info (21059): Implemented 21 output pins
    Info (21060): Implemented 32 bidirectional pins
    Info (21061): Implemented 395 logic cells
    Info (21064): Implemented 4 RAM segments
Info: Quartus Prime Analysis & Synthesis was successful. 0 errors, 33 warnings
    Info: Peak virtual memory: 4916 megabytes
    Info: Processing ended: Wed Aug 12 19:00:40 2026
    Info: Elapsed time: 00:00:09
    Info: Total CPU time (on all processors): 00:00:16


